// Jest Snapshot v1, https://goo.gl/fbAQLP

exports[`runtime generate should generate a runtime 1`] = `
"    <div triDropFlexContainer uid=\\"Space\\" class=\\"space flex-column\\" triDropFlexContainerOrientation=\\"vertical\\" [triDropFlexContainerData]=\\"{id: '15786492785660.41803516438866173', name: 'Space', parentSlotId: '1'}\\" (triDropFlexContainerDropped)=\\"onDragDropped($event)\\">
      <tri-card triDrag [triDragData]=\\"{id: 'FoflPrF9JT4OTg_RNErdT', name: 'Card3'}\\">
        <tri-card-header>
          <div triDropFlexContainer uid=\\"Space11\\" class=\\"space flex-row\\" triDropFlexContainerOrientation=\\"horizontal\\" [triDropFlexContainerData]=\\"{id: 'qjteET_qkTLh512JlMLGk', name: 'Space11', parentSlotId: 'cwDyXmOciWxyD0-JmWCxp'}\\" (triDropFlexContainerDropped)=\\"onDragDropped($event)\\">
            <h6 uid=\\"Heading3\\" triDrag [triDragData]=\\"{id: 'UUdqcuIWMDbCG2wpxUk33', name: 'Heading3'}\\">
              Card Header
            </h6>
          </div>
        </tri-card-header>
        <tri-card-body>
          <div triDropFlexContainer uid=\\"Space12\\" class=\\"space flex-row\\" triDropFlexContainerOrientation=\\"horizontal\\" [triDropFlexContainerData]=\\"{id: 'LhJzILpx121ToMms8yU_I', name: 'Space12', parentSlotId: 'FxKLEFS_f-pk-U60Mro32'}\\" (triDropFlexContainerDropped)=\\"onDragDropped($event)\\">
            <tri-icon uid=\\"Icon\\" triDrag triDrag [triDragData]=\\"{id: 'I7kn8fo3Exv9nHJzGuO5s', name: 'Icon'}\\" svgIcon=\\"fill:android\\">
            </tri-icon>
          </div>
        </tri-card-body>
        <tri-card-footer>
          <div triDropFlexContainer uid=\\"Space13\\" class=\\"space flex-row\\" triDropFlexContainerOrientation=\\"horizontal\\" [triDropFlexContainerData]=\\"{id: 'e_G8eg87o5qYyc--o0ec0', name: 'Space13', parentSlotId: 'Qm6H0N7R31W7sNHMoARi5'}\\" (triDropFlexContainerDropped)=\\"onDragDropped($event)\\">
          </div>
        </tri-card-footer>
      </tri-card>
      <tri-card triDrag [triDragData]=\\"{id: 'Gb63MmCEbha-cNDiTjp8a', name: 'Card2'}\\">
        <tri-card-header>
          <div triDropFlexContainer uid=\\"Space8\\" class=\\"space flex-row\\" triDropFlexContainerOrientation=\\"horizontal\\" [triDropFlexContainerData]=\\"{id: '6cMyMyIaI32dsldfPPHI2', name: 'Space8', parentSlotId: '_G9bdhAQN-iUu1Zr5TWya'}\\" (triDropFlexContainerDropped)=\\"onDragDropped($event)\\">
            <h6 uid=\\"Heading2\\" triDrag [triDragData]=\\"{id: '0i4zYZ_D2bFSxNlw3TnMK', name: 'Heading2'}\\">
              Card Header
            </h6>
          </div>
        </tri-card-header>
        <tri-card-body>
          <div triDropFlexContainer uid=\\"Space9\\" class=\\"space flex-row\\" triDropFlexContainerOrientation=\\"horizontal\\" [triDropFlexContainerData]=\\"{id: 'FFQDocQQajLsx2X2EuFw1', name: 'Space9', parentSlotId: 'S2QonCCC_-94t-aiuwBeB'}\\" (triDropFlexContainerDropped)=\\"onDragDropped($event)\\">
            <button triButton uid=\\"Button\\" triDrag [triDragData]=\\"{id: 'rmFqmZy844Jpk8-6zUZz9', name: 'Button', parentSlotId: 'lAH6YoNK0QnzfZiifkIFS'}\\" color=\\"primary\\" [disabled]=\\"false\\" icon=\\"star\\" variant=\\"fill\\">Button</button>
          </div>
        </tri-card-body>
        <tri-card-footer>
          <div triDropFlexContainer uid=\\"Space10\\" class=\\"space flex-row\\" triDropFlexContainerOrientation=\\"horizontal\\" [triDropFlexContainerData]=\\"{id: '07zOrXvbNGK4w0o2WK1ne', name: 'Space10', parentSlotId: 'Oys8q1_-aQ-zIeihcuhiV'}\\" (triDropFlexContainerDropped)=\\"onDragDropped($event)\\">
            <button triButton uid=\\"Button1\\" triDrag [triDragData]=\\"{id: 'lgerPg736VKcIgI5ZXZvm', name: 'Button1', parentSlotId: '3crFqx2LrZ8Jtajd375yG'}\\" color=\\"danger\\" [disabled]=\\"false\\" icon=\\"star\\" variant=\\"fill\\">Button</button>
          </div>
        </tri-card-footer>
      </tri-card>
      <tri-accordion uid=\\"Accordion\\" triDrag>
      </tri-accordion>
    </div>"
`;
